// Jest Snapshot v1, https://goo.gl/fbAQLP

exports[`checkbox-group & checkbox basic checkbox 1`] = `
<mp-cells
  title="单选列表项"
>
  <mp-checkbox-group
    class="radio-group"
    bind:change="radioChange"
  >
    <radio-group
      class=""
      bind:change="checkedChange"
    >
      <mp-checkbox
        class="test-radio"
      >
        <mp-cell
          bind:tap="checkedChange"
        >
          <wx-view
            class="weui-cell   weui-check__label   ^weui-cell_radio "
            hoverClass=""
            bind:tap="navigateTo"
          >
            <wx-view
              class="weui-cell__bd "
            >
              <wx-view>
                cell standard
              </wx-view>
            </wx-view>
            <wx-view
              class="weui-cell__ft "
            >
              <wx-view
                slot="footer"
              >
                <wx-radio
                  checked=""
                  class="weui-check"
                  color=""
                  disabled=""
                  value="0"
                />
                <wx-icon
                  class="weui-icon-checked"
                />
              </wx-view>
            </wx-view>
          </wx-view>
        </mp-cell>
      </mp-checkbox>
      <mp-checkbox
        class="test-radio"
      >
        <mp-cell
          bind:tap="checkedChange"
        >
          <wx-view
            class="weui-cell   weui-check__label weui-cell_wxss  ^weui-cell_radio "
            hoverClass=""
            bind:tap="navigateTo"
          >
            <wx-view
              class="weui-cell__bd "
            >
              <wx-view>
                cell standard
              </wx-view>
            </wx-view>
            <wx-view
              class="weui-cell__ft "
            >
              <wx-view
                slot="footer"
              >
                <wx-radio
                  checked=""
                  class="weui-check"
                  color=""
                  disabled=""
                  value="1"
                />
                <wx-icon
                  class="weui-icon-checked"
                />
              </wx-view>
            </wx-view>
          </wx-view>
        </mp-cell>
      </mp-checkbox>
    </radio-group>
  </mp-checkbox-group>
</mp-cells>
`;
